CodeVisionAVR C Compiler V1.25.2 Standard
(C) Copyright 1998-2006 Pavel Haiduc, HP InfoTech s.r.l.
http://www.hpinfotech.com

File: D:\MyProjects\VS2005\DigiLEDv2.0\fware_m162\main.c
Global variables memory map:

Variable                          Address   Size
*start_mem_G1                                                         1A0h      2
*end_mem_G1                                                           1A2h      2
*buffer_G1                                                            1A4h      2
*org_mem_G1                                                           1A6h      2
is_power_off                                                          R2.0    1/8
count_row                                                            R4,R5      2
count_col                                                            R6,R7      2
scroll_rate_G1                                                        1A8h      1
page_index_G1                                                         1A9h      1
tick_count_G1                                                         1AAh      2
text_length_G1                                                        1ACh      2
char_width_G1                                                         1AEh    512
szTitle_G1                                                            3AEh    100
_xtable                                                               412h     16
rx_message                                                              R8      1
rx_wparam                                                           R9,R10      2
rx_lparam                                                          R11,R12      2
rx_buffer                                                             422h      8
rx_wr_index                                                            R13      1
rx_counter                                                             R14      1
__ds18b20_scratch_pad.temp_lsb                                        42Ah      1
__ds18b20_scratch_pad.temp_msb                                        42Bh      1
__ds18b20_scratch_pad.temp_high                                       42Ch      1
__ds18b20_scratch_pad.temp_low                                        42Dh      1
__ds18b20_scratch_pad.conf_register                                   42Eh      1
__ds18b20_scratch_pad.res1                                            42Fh      1
__ds18b20_scratch_pad.res2                                            430h      1
__ds18b20_scratch_pad.res3                                            431h      1
__ds18b20_scratch_pad.crc                                             432h      1
