CodeVisionAVR C Compiler V1.25.2 Standard
(C) Copyright 1998-2006 Pavel Haiduc, HP InfoTech s.r.l.
http://www.hpinfotech.com

File: d:\myprojects\lcms\v2.0.0\fware_8515\main.c
Global variables memory map:

Variable                          Address   Size
*start_mem_G1                                                          E0h      2
*end_mem_G1                                                            E2h      2
*buffer_G1                                                             E4h      2
*bkgnd_mem_G1                                                          E6h      2
*org_mem_G1                                                            E8h      2
is_show_bkgnd                                                         R2.0    1/8
is_power_off                                                          R2.1    1/8
is_stopping                                                           R2.2    1/8
is_half_above                                                         R2.3    1/8
is_half_below                                                         R2.4    1/8
count_row                                                            R4,R5      2
count_col                                                            R6,R7      2
horiz_idx                                                            R8,R9      2
scroll_rate_G1                                                         EAh      1
scroll_type_G1                                                         EBh      1
frame_index_G1                                                         ECh      1
tick_count_G1                                                          EDh      2
char_count_G1                                                          EFh      2
text_length_G1                                                         F1h      2
stopping_count_G1                                                      F3h      2
flipping_count_G1                                                      F5h      2
char_index_G1                                                          F7h      2
next_char_width_G1                                                     F9h      2
current_char_width_G1                                                  FBh      2
szDateStr_G1                                                           FDh     74
rx_message                                                             R10      1
rx_wparam                                                          R11,R12      2
rx_lparam                                                          R13,R14      2
rx_buffer                                                             147h      8
rx_wr_index                                                           14Fh      1
rx_counter                                                            150h      1
ld.day                                                                151h      1
ld.month                                                              152h      1
ld.year                                                               153h      2
ld.leap                                                               155h      1
ld.jd                                                                 156h      4
ly[0].day                                                             15Ah      1
ly[0].month                                                           15Bh      1
ly[0].year                                                            15Ch      2
ly[0].leap                                                            15Eh      1
ly[0].jd                                                              15Fh      4
ly[1].day                                                             163h      1
ly[1].month                                                           164h      1
ly[1].year                                                            165h      2
ly[1].leap                                                            167h      1
ly[1].jd                                                              168h      4
ly[2].day                                                             16Ch      1
ly[2].month                                                           16Dh      1
ly[2].year                                                            16Eh      2
ly[2].leap                                                            170h      1
ly[2].jd                                                              171h      4
ly[3].day                                                             175h      1
ly[3].month                                                           176h      1
ly[3].year                                                            177h      2
ly[3].leap                                                            179h      1
ly[3].jd                                                              17Ah      4
ly[4].day                                                             17Eh      1
ly[4].month                                                           17Fh      1
ly[4].year                                                            180h      2
ly[4].leap                                                            182h      1
ly[4].jd                                                              183h      4
ly[5].day                                                             187h      1
ly[5].month                                                           188h      1
ly[5].year                                                            189h      2
ly[5].leap                                                            18Bh      1
ly[5].jd                                                              18Ch      4
ly[6].day                                                             190h      1
ly[6].month                                                           191h      1
ly[6].year                                                            192h      2
ly[6].leap                                                            194h      1
ly[6].jd                                                              195h      4
ly[7].day                                                             199h      1
ly[7].month                                                           19Ah      1
ly[7].year                                                            19Bh      2
ly[7].leap                                                            19Dh      1
ly[7].jd                                                              19Eh      4
ly[8].day                                                             1A2h      1
ly[8].month                                                           1A3h      1
ly[8].year                                                            1A4h      2
ly[8].leap                                                            1A6h      1
ly[8].jd                                                              1A7h      4
ly[9].day                                                             1ABh      1
ly[9].month                                                           1ACh      1
ly[9].year                                                            1ADh      2
ly[9].leap                                                            1AFh      1
ly[9].jd                                                              1B0h      4
ly[10].day                                                            1B4h      1
ly[10].month                                                          1B5h      1
ly[10].year                                                           1B6h      2
ly[10].leap                                                           1B8h      1
ly[10].jd                                                             1B9h      4
ly[11].day                                                            1BDh      1
ly[11].month                                                          1BEh      1
ly[11].year                                                           1BFh      2
ly[11].leap                                                           1C1h      1
ly[11].jd                                                             1C2h      4
ly[12].day                                                            1C6h      1
ly[12].month                                                          1C7h      1
ly[12].year                                                           1C8h      2
ly[12].leap                                                           1CAh      1
ly[12].jd                                                             1CBh      4
ly[13].day                                                            1CFh      1
ly[13].month                                                          1D0h      1
ly[13].year                                                           1D1h      2
ly[13].leap                                                           1D3h      1
ly[13].jd                                                             1D4h      4
