CodeVisionAVR C Compiler V1.25.2 Standard
(C) Copyright 1998-2006 Pavel Haiduc, HP InfoTech s.r.l.
http://www.hpinfotech.com

File: d:\myprojects\lcms\v2.0.0\fware_m162\main.c
Global variables memory map:

Variable                          Address   Size
*start_mem_G1                                                         1A0h      2
*end_mem_G1                                                           1A2h      2
*buffer_G1                                                            1A4h      2
*bkgnd_mem_G1                                                         1A6h      2
*org_mem_G1                                                           1A8h      2
is_show_bkgnd                                                         R2.0    1/8
is_power_off                                                          R2.1    1/8
is_stopping                                                           R2.2    1/8
is_half_above                                                         R2.3    1/8
is_half_below                                                         R2.4    1/8
count_row                                                            R4,R5      2
count_col                                                            R6,R7      2
horiz_idx                                                            R8,R9      2
scroll_rate_G1                                                        1AAh      1
scroll_type_G1                                                        1ABh      1
frame_index_G1                                                        1ACh      1
tick_count_G1                                                         1ADh      2
char_count_G1                                                         1AFh      2
text_length_G1                                                        1B1h      2
stopping_count_G1                                                     1B3h      2
flipping_count_G1                                                     1B5h      2
char_width_G1                                                         1B7h    512
columeH_G1                                                            3B7h      2
columeL_G1                                                            3B9h      2
char_index_G1                                                         3BBh      2
next_char_width_G1                                                    3BDh      2
current_char_width_G1                                                 3BFh      2
szDateStr_G1                                                          3C1h     62
rx_message                                                             R10      1
rx_wparam                                                          R11,R12      2
rx_lparam                                                          R13,R14      2
rx_buffer                                                             3FFh      8
rx_wr_index                                                           407h      1
rx_counter                                                            408h      1
ld.day                                                                409h      1
ld.month                                                              40Ah      1
ld.year                                                               40Bh      2
ld.leap                                                               40Dh      1
ld.jd                                                                 40Eh      4
ly[0].day                                                             412h      1
ly[0].month                                                           413h      1
ly[0].year                                                            414h      2
ly[0].leap                                                            416h      1
ly[0].jd                                                              417h      4
ly[1].day                                                             41Bh      1
ly[1].month                                                           41Ch      1
ly[1].year                                                            41Dh      2
ly[1].leap                                                            41Fh      1
ly[1].jd                                                              420h      4
ly[2].day                                                             424h      1
ly[2].month                                                           425h      1
ly[2].year                                                            426h      2
ly[2].leap                                                            428h      1
ly[2].jd                                                              429h      4
ly[3].day                                                             42Dh      1
ly[3].month                                                           42Eh      1
ly[3].year                                                            42Fh      2
ly[3].leap                                                            431h      1
ly[3].jd                                                              432h      4
ly[4].day                                                             436h      1
ly[4].month                                                           437h      1
ly[4].year                                                            438h      2
ly[4].leap                                                            43Ah      1
ly[4].jd                                                              43Bh      4
ly[5].day                                                             43Fh      1
ly[5].month                                                           440h      1
ly[5].year                                                            441h      2
ly[5].leap                                                            443h      1
ly[5].jd                                                              444h      4
ly[6].day                                                             448h      1
ly[6].month                                                           449h      1
ly[6].year                                                            44Ah      2
ly[6].leap                                                            44Ch      1
ly[6].jd                                                              44Dh      4
ly[7].day                                                             451h      1
ly[7].month                                                           452h      1
ly[7].year                                                            453h      2
ly[7].leap                                                            455h      1
ly[7].jd                                                              456h      4
ly[8].day                                                             45Ah      1
ly[8].month                                                           45Bh      1
ly[8].year                                                            45Ch      2
ly[8].leap                                                            45Eh      1
ly[8].jd                                                              45Fh      4
ly[9].day                                                             463h      1
ly[9].month                                                           464h      1
ly[9].year                                                            465h      2
ly[9].leap                                                            467h      1
ly[9].jd                                                              468h      4
ly[10].day                                                            46Ch      1
ly[10].month                                                          46Dh      1
ly[10].year                                                           46Eh      2
ly[10].leap                                                           470h      1
ly[10].jd                                                             471h      4
ly[11].day                                                            475h      1
ly[11].month                                                          476h      1
ly[11].year                                                           477h      2
ly[11].leap                                                           479h      1
ly[11].jd                                                             47Ah      4
ly[12].day                                                            47Eh      1
ly[12].month                                                          47Fh      1
ly[12].year                                                           480h      2
ly[12].leap                                                           482h      1
ly[12].jd                                                             483h      4
ly[13].day                                                            487h      1
ly[13].month                                                          488h      1
ly[13].year                                                           489h      2
ly[13].leap                                                           48Bh      1
ly[13].jd                                                             48Ch      4
__ds18b20_scratch_pad.temp_lsb                                        490h      1
__ds18b20_scratch_pad.temp_msb                                        491h      1
__ds18b20_scratch_pad.temp_high                                       492h      1
__ds18b20_scratch_pad.temp_low                                        493h      1
__ds18b20_scratch_pad.conf_register                                   494h      1
__ds18b20_scratch_pad.res1                                            495h      1
__ds18b20_scratch_pad.res2                                            496h      1
__ds18b20_scratch_pad.res3                                            497h      1
__ds18b20_scratch_pad.crc                                             498h      1
